
[1m[46m RUN [49m[22m [36mv3.2.4 [39m[90mC:/dev/roo-extensions/mcps/internal/servers/roo-state-manager[39m

 [32m✓[39m src/tools/roosync/__tests__/refresh-dashboard.integration.test.ts [2m([22m[2m13 tests[22m[2m)[22m[33m 63509[2mms[22m[39m
   [33m[2m✓[22m[39m roosync_refresh_dashboard (integration)[2m > [22mbaseline parameter[2m > [22mshould use default baseline (myia-ai-01) when not specified [33m 2265[2mms[22m[39m
   [33m[2m✓[22m[39m roosync_refresh_dashboard (integration)[2m > [22mbaseline parameter[2m > [22mshould accept custom baseline machine [33m 1451[2mms[22m[39m
   [33m[2m✓[22m[39m roosync_refresh_dashboard (integration)[2m > [22mbaseline parameter[2m > [22mshould accept all valid machine IDs [33m 12225[2mms[22m[39m
   [33m[2m✓[22m[39m roosync_refresh_dashboard (integration)[2m > [22moutputDir parameter[2m > [22mshould use default outputDir when not specified [33m 1982[2mms[22m[39m
   [33m[2m✓[22m[39m roosync_refresh_dashboard (integration)[2m > [22moutputDir parameter[2m > [22mshould accept custom outputDir [33m 2346[2mms[22m[39m
   [33m[2m✓[22m[39m roosync_refresh_dashboard (integration)[2m > [22moutputDir parameter[2m > [22mshould create outputDir if it does not exist [33m 4957[2mms[22m[39m
   [33m[2m✓[22m[39m roosync_refresh_dashboard (integration)[2m > [22mparameter combinations[2m > [22mshould handle both baseline and outputDir custom values [33m 5706[2mms[22m[39m
   [33m[2m✓[22m[39m roosync_refresh_dashboard (integration)[2m > [22mresponse format[2m > [22mshould return valid result object [33m 6874[2mms[22m[39m
   [33m[2m✓[22m[39m roosync_refresh_dashboard (integration)[2m > [22mresponse format[2m > [22mshould include dashboard path in response [33m 5509[2mms[22m[39m
   [33m[2m✓[22m[39m roosync_refresh_dashboard (integration)[2m > [22merror handling[2m > [22mshould handle missing shared state directory gracefully [33m 3254[2mms[22m[39m
   [33m[2m✓[22m[39m roosync_refresh_dashboard (integration)[2m > [22merror handling[2m > [22mshould handle invalid machine ID gracefully [33m 3528[2mms[22m[39m
   [33m[2m✓[22m[39m roosync_refresh_dashboard (integration)[2m > [22mintegration scenarios[2m > [22mshould handle multiple consecutive refresh operations [33m 6615[2mms[22m[39m
   [33m[2m✓[22m[39m roosync_refresh_dashboard (integration)[2m > [22mintegration scenarios[2m > [22mshould persist dashboard state across operations [33m 6792[2mms[22m[39m
 [32m✓[39m src/tools/roosync/__tests__/diagnose.integration.test.ts [2m([22m[2m23 tests[22m[2m)[22m[33m 68106[2mms[22m[39m
   [33m[2m✓[22m[39m roosyncDiagnose (integration)[2m > [22maction: debug[2m > [22mshould reset RooSyncService instance [33m 9731[2mms[22m[39m
   [33m[2m✓[22m[39m roosyncDiagnose (integration)[2m > [22maction: debug[2m > [22mshould return verbose information when verbose is true [33m 6258[2mms[22m[39m
   [33m[2m✓[22m[39m roosyncDiagnose (integration)[2m > [22maction: debug[2m > [22mshould return standard information when verbose is false [33m 5969[2mms[22m[39m
   [33m[2m✓[22m[39m roosyncDiagnose (integration)[2m > [22maction: debug[2m > [22mshould include debugInfo with cacheDisabled [33m 6039[2mms[22m[39m
   [33m[2m✓[22m[39m roosyncDiagnose (integration)[2m > [22maction: reset[2m > [22mshould reset service when confirm is true [33m 6415[2mms[22m[39m
   [33m[2m✓[22m[39m roosyncDiagnose (integration)[2m > [22maction: reset[2m > [22mshould clear cache when clearCache is true with confirm [33m 6089[2mms[22m[39m
   [33m[2m✓[22m[39m roosyncDiagnose (integration)[2m > [22maction: reset[2m > [22mshould not clear cache when clearCache is false with confirm [33m 5835[2mms[22m[39m
   [33m[2m✓[22m[39m roosyncDiagnose (integration)[2m > [22mintegration scenarios[2m > [22mshould handle complete diagnostic workflow: env → debug → reset [33m 9301[2mms[22m[39m
   [33m[2m✓[22m[39m roosyncDiagnose (integration)[2m > [22mintegration scenarios[2m > [22mshould persist singleton state across calls [33m 12259[2mms[22m[39m
 [31m❯[39m src/tools/roosync/__tests__/stress-large-inbox.test.ts [2m([22m[2m10 tests[22m[2m | [22m[31m1 failed[39m[2m)[22m[33m 32318[2mms[22m[39m
[31m   [31m×[31m Stress Tests - Large Inbox 1000+ (Issue #531)[2m > [22mroosync_read performance with large inbox[2m > [22mreads inbox with 1000 messages within reasonable time[39m[33m 6984[2mms[22m[39m
[31m     → expected 5007 to be less than 5000[39m
   [33m[2m✓[22m[39m Stress Tests - Large Inbox 1000+ (Issue #531)[2m > [22mroosync_read performance with large inbox[2m > [22mpagination works correctly with large inbox [33m 3713[2mms[22m[39m
   [33m[2m✓[22m[39m Stress Tests - Large Inbox 1000+ (Issue #531)[2m > [22mroosync_read performance with large inbox[2m > [22mfiltering by unread status with large inbox [33m 4860[2mms[22m[39m
   [33m[2m✓[22m[39m Stress Tests - Large Inbox 1000+ (Issue #531)[2m > [22mroosync_read performance with large inbox[2m > [22mreading specific message from large inbox is fast [33m 1466[2mms[22m[39m
   [32m✓[39m Stress Tests - Large Inbox 1000+ (Issue #531)[2m > [22mmark_read atomicity with large inbox[2m > [22mmark_read operation is atomic[32m 204[2mms[22m[39m
   [33m[2m✓[22m[39m Stress Tests - Large Inbox 1000+ (Issue #531)[2m > [22mVolumetric edge cases[2m > [22mhandles inbox with 2000 messages [33m 10764[2mms[22m[39m
   [33m[2m✓[22m[39m Stress Tests - Large Inbox 1000+ (Issue #531)[2m > [22mVolumetric edge cases[2m > [22minbox with messages having large bodies [33m 411[2mms[22m[39m
   [32m✓[39m Stress Tests - Large Inbox 1000+ (Issue #531)[2m > [22mVolumetric edge cases[2m > [22minbox with many tags per message[32m 121[2mms[22m[39m
   [33m[2m✓[22m[39m Stress Tests - Large Inbox 1000+ (Issue #531)[2m > [22mData consistency under load[2m > [22mall messages are accounted for in count [33m 3549[2mms[22m[39m
   [32m✓[39m Stress Tests - Large Inbox 1000+ (Issue #531)[2m > [22mData consistency under load[2m > [22mmessages are sorted by timestamp (newest first)[32m 242[2mms[22m[39m
 [32m✓[39m src/services/__tests__/RooSyncService.test.ts [2m([22m[2m22 tests[22m[2m | [22m[33m4 skipped[39m[2m)[22m[33m 24586[2mms[22m[39m
   [33m[2m✓[22m[39m RooSyncService[2m > [22mSingleton[2m > [22mgetInstance retourne toujours la même instance [33m 10399[2mms[22m[39m
   [33m[2m✓[22m[39m RooSyncService[2m > [22mCache[2m > [22maccepte des options de cache [33m 4891[2mms[22m[39m
   [33m[2m✓[22m[39m RooSyncService[2m > [22mCache[2m > [22mle cache peut être désactivé [33m 4726[2mms[22m[39m
   [33m[2m✓[22m[39m RooSyncService[2m > [22mCache avancé[2m > [22msupporte le TTL personnalisé [33m 4196[2mms[22m[39m
 [32m✓[39m src/tools/roosync/__tests__/baseline.integration.test.ts [2m([22m[2m12 tests[22m[2m)[22m[33m 17396[2mms[22m[39m
   [33m[2m✓[22m[39m roosync_baseline (integration)[2m > [22maction handling[2m > [22mshould handle export action with JSON format - creates default baseline if needed [33m 4414[2mms[22m[39m
   [33m[2m✓[22m[39m roosync_baseline (integration)[2m > [22merror handling[2m > [22mshould handle non-existent machineId gracefully [33m 12834[2mms[22m[39m
 [32m✓[39m tests/unit/services/RooSyncService.test.ts [2m([22m[2m20 tests[22m[2m)[22m[33m 123964[2mms[22m[39m
   [33m[2m✓[22m[39m RooSyncService[2m > [22mSingleton Pattern[2m > [22mdevrait retourner la même instance [33m 6198[2mms[22m[39m
   [33m[2m✓[22m[39m RooSyncService[2m > [22mSingleton Pattern[2m > [22mdevrait permettre de réinitialiser l'instance [33m 9796[2mms[22m[39m
   [33m[2m✓[22m[39m RooSyncService[2m > [22mloadDashboard[2m > [22mdevrait charger le dashboard avec succès [33m 6195[2mms[22m[39m
   [33m[2m✓[22m[39m RooSyncService[2m > [22mloadDashboard[2m > [22mdevrait utiliser le cache [33m 7220[2mms[22m[39m
   [33m[2m✓[22m[39m RooSyncService[2m > [22mloadDashboard[2m > [22mdevrait retourner un dashboard par défaut si le fichier n'existe pas [33m 13010[2mms[22m[39m
   [33m[2m✓[22m[39m RooSyncService[2m > [22mloadDecisions[2m > [22mdevrait charger toutes les décisions [33m 5192[2mms[22m[39m
   [33m[2m✓[22m[39m RooSyncService[2m > [22mgetDecision[2m > [22mdevrait récupérer une décision par ID [33m 5238[2mms[22m[39m
   [33m[2m✓[22m[39m RooSyncService[2m > [22mgetDecision[2m > [22mdevrait retourner null si la décision n'existe pas [33m 5293[2mms[22m[39m
   [33m[2m✓[22m[39m RooSyncService[2m > [22mgetStatus[2m > [22mdevrait retourner l'état de synchronisation [33m 5113[2mms[22m[39m
   [33m[2m✓[22m[39m RooSyncService[2m > [22mclearCache[2m > [22mdevrait vider le cache [33m 5873[2mms[22m[39m
   [33m[2m✓[22m[39m RooSyncService[2m > [22mHeartbeatService Integration[2m > [22mgetHeartbeatService[2m > [22mdevrait retourner l'instance de HeartbeatService [33m 4759[2mms[22m[39m
   [33m[2m✓[22m[39m RooSyncService[2m > [22mHeartbeatService Integration[2m > [22mregisterHeartbeat[2m > [22mdevrait enregistrer un heartbeat pour la machine courante [33m 5712[2mms[22m[39m
   [33m[2m✓[22m[39m RooSyncService[2m > [22mHeartbeatService Integration[2m > [22mregisterHeartbeat[2m > [22mdevrait mettre à jour le timestamp du heartbeat [33m 8869[2mms[22m[39m
   [33m[2m✓[22m[39m RooSyncService[2m > [22mHeartbeatService Integration[2m > [22mgetOfflineMachines[2m > [22mdevrait retourner la liste des machines offline [33m 8473[2mms[22m[39m
   [33m[2m✓[22m[39m RooSyncService[2m > [22mHeartbeatService Integration[2m > [22mgetWarningMachines[2m > [22mdevrait retourner la liste des machines en avertissement [33m 9107[2mms[22m[39m
   [33m[2m✓[22m[39m RooSyncService[2m > [22mHeartbeatService Integration[2m > [22mgetHeartbeatState[2m > [22mdevrait retourner l'état complet du service de heartbeat [33m 4117[2mms[22m[39m
   [33m[2m✓[22m[39m RooSyncService[2m > [22mHeartbeatService Integration[2m > [22mstartHeartbeatService[2m > [22mdevrait démarrer le service de heartbeat [33m 3447[2mms[22m[39m
   [33m[2m✓[22m[39m RooSyncService[2m > [22mHeartbeatService Integration[2m > [22mstartHeartbeatService[2m > [22mdevrait appeler le callback offline lors de la détection offline [33m 3304[2mms[22m[39m
   [33m[2m✓[22m[39m RooSyncService[2m > [22mHeartbeatService Integration[2m > [22mstopHeartbeatService[2m > [22mdevrait arrêter le service de heartbeat [33m 3215[2mms[22m[39m
   [33m[2m✓[22m[39m RooSyncService[2m > [22mHeartbeatService Integration[2m > [22mcheckHeartbeats[2m > [22mdevrait vérifier les heartbeats et retourner le résultat [33m 3820[2mms[22m[39m
 [32m✓[39m src/tools/roosync/__tests__/inventory.integration.test.ts [2m([22m[2m13 tests[22m[2m)[22m[33m 13588[2mms[22m[39m
   [33m[2m✓[22m[39m roosync_inventory (integration)[2m > [22minput validation[2m > [22mshould accept type parameter with valid values [33m 13435[2mms[22m[39m
 [31m❯[39m src/tools/__tests__/tool-discoverability.test.ts [2m([22m[2m17 tests[22m[2m | [22m[31m1 failed[39m[2m)[22m[33m 29892[2mms[22m[39m
[31m   [31m×[31m Category 1: ListTools → CallTool Consistency[2m > [22mevery tool in ListTools must have a CallTool handler[39m[33m 16612[2mms[22m[39m
[31m     → Test timed out in 15000ms.
If this is a long-running test, pass a timeout value as the last argument or configure it globally with "testTimeout".[39m
   [32m✓[39m Category 1: ListTools → CallTool Consistency[2m > [22mListTools should expose a reasonable number of tools (30-50 range)[32m 3[2mms[22m[39m
   [32m✓[39m Category 1: ListTools → CallTool Consistency[2m > [22mall tool names should be unique in ListTools[32m 3[2mms[22m[39m
   [32m✓[39m Category 1: ListTools → CallTool Consistency[2m > [22mall tools must have name, description, and inputSchema[32m 2[2mms[22m[39m
   [33m[2m✓[22m[39m Category 2: Deprecated Tools Backward Compatibility[2m > [22mdeprecated tools must still have CallTool handlers for backward compat [33m 11239[2mms[22m[39m
   [32m✓[39m Category 2: Deprecated Tools Backward Compatibility[2m > [22mdeprecated tools must NOT appear in ListTools[32m 2[2mms[22m[39m
   [32m✓[39m Category 2: Deprecated Tools Backward Compatibility[2m > [22munknown tool should throw Tool not found error[32m 3[2mms[22m[39m
   [32m✓[39m Category 3: Consolidated Tool Action Completeness[2m > [22mconsolidated tools must declare their action/mode enum in inputSchema[32m 2[2mms[22m[39m
   [32m✓[39m Category 3: Consolidated Tool Action Completeness[2m > [22mall expected actions must be in the declared enum[32m 2[2mms[22m[39m
   [32m✓[39m Category 3: Consolidated Tool Action Completeness[2m > [22mno unexpected extra actions in enums (detect undocumented additions)[32m 2[2mms[22m[39m
   [32m✓[39m Category 4: Essential Tools for Agent Workflows[2m > [22mall essential tools must be present in ListTools[32m 1[2mms[22m[39m
   [32m✓[39m Category 4: Essential Tools for Agent Workflows[2m > [22messential tools must also have CallTool handlers[32m 30[2mms[22m[39m
   [32m✓[39m Category 5: Description Discoverability[2m > [22mtool descriptions contain discoverable keywords[32m 1[2mms[22m[39m
   [32m✓[39m Category 5: Description Discoverability[2m > [22mall tools have non-empty descriptions (minimum 20 chars)[32m 1[2mms[22m[39m
   [33m[2m✓[22m[39m Category 6: Backward Compatibility Routes[2m > [22mall deprecated tools have working CallTool handlers [33m 1978[2mms[22m[39m
   [32m✓[39m Category 6: Backward Compatibility Routes[2m > [22mdeprecated tools are NOT in ListTools (hidden from agents)[32m 2[2mms[22m[39m
   [32m✓[39m Category 6: Backward Compatibility Routes[2m > [22mconsolidated replacements ARE in ListTools[32m 2[2mms[22m[39m
 [31m❯[39m tests/unit/services/InventoryCollector.test.ts [2m([22m[2m28 tests[22m[2m | [22m[31m1 failed[39m[2m)[22m[32m 92[2mms[22m[39m
   [32m✓[39m InventoryCollector[2m > [22mconstructor[2m > [22mshould initialize with empty cache[32m 8[2mms[22m[39m
   [32m✓[39m InventoryCollector[2m > [22mconstructor[2m > [22mshould verify git on startup[32m 2[2mms[22m[39m
   [32m✓[39m InventoryCollector[2m > [22mclearCache[2m > [22mshould clear all cache entries[32m 1[2mms[22m[39m
   [32m✓[39m InventoryCollector[2m > [22mgetCacheStats[2m > [22mshould return empty stats initially[32m 3[2mms[22m[39m
   [32m✓[39m InventoryCollector[2m > [22mcollectInventory - cache behavior[2m > [22mshould return cached data if cache is valid and forceRefresh=false[32m 4[2mms[22m[39m
[31m   [31m×[31m InventoryCollector[2m > [22mcollectInventory - cache behavior[2m > [22mshould bypass cache when forceRefresh=true[39m[32m 26[2mms[22m[39m
[31m     → expected "spy" to be called at least once[39m
   [32m✓[39m InventoryCollector[2m > [22mcollectInventory - shared state loading[2m > [22mshould load from exact file path ({machineId}.json)[32m 2[2mms[22m[39m
   [32m✓[39m InventoryCollector[2m > [22mcollectInventory - shared state loading[2m > [22mshould load from lowercase exact file path[32m 1[2mms[22m[39m
   [32m✓[39m InventoryCollector[2m > [22mcollectInventory - shared state loading[2m > [22mshould load from timestamped files when exact not found[32m 6[2mms[22m[39m
   [32m✓[39m InventoryCollector[2m > [22mcollectInventory - shared state loading[2m > [22mshould return null when inventories dir does not exist[32m 1[2mms[22m[39m
   [32m✓[39m InventoryCollector[2m > [22mcollectInventory - shared state loading[2m > [22mshould return null for remote machine with no shared state file[32m 1[2mms[22m[39m
   [32m✓[39m InventoryCollector[2m > [22mcollectInventory - shared state loading[2m > [22mshould handle BOM UTF-8 in shared state files[32m 1[2mms[22m[39m
   [32m✓[39m InventoryCollector[2m > [22mcollectInventory - shared state loading[2m > [22mshould parse raw format (with inventory field)[32m 3[2mms[22m[39m
   [32m✓[39m InventoryCollector[2m > [22mcollectInventory - shared state loading[2m > [22mshould parse baseline format (direct MachineInventory)[32m 2[2mms[22m[39m
   [32m✓[39m InventoryCollector[2m > [22mcollectInventory - shared state loading[2m > [22mshould return null for unrecognized format[32m 1[2mms[22m[39m
   [32m✓[39m InventoryCollector[2m > [22mcollectInventory - shared state loading[2m > [22mshould return null on JSON parse error[32m 1[2mms[22m[39m
   [32m✓[39m InventoryCollector[2m > [22mcollectInventory - shared state loading[2m > [22mshould handle readdir error gracefully[32m 2[2mms[22m[39m
   [32m✓[39m InventoryCollector[2m > [22mcollectInventory - local machine PowerShell fallback[2m > [22mshould detect local machine by hostname match[32m 1[2mms[22m[39m
   [32m✓[39m InventoryCollector[2m > [22mcollectInventory - local machine PowerShell fallback[2m > [22mshould detect myia-ai-01 as local for any host containing it[32m 1[2mms[22m[39m
   [32m✓[39m InventoryCollector[2m > [22mcollectInventory - local machine PowerShell fallback[2m > [22mshould return null if PowerShell script not found[32m 1[2mms[22m[39m
   [32m✓[39m InventoryCollector[2m > [22mcollectInventory - local machine PowerShell fallback[2m > [22mshould execute PowerShell and parse result on local machine[32m 3[2mms[22m[39m
   [32m✓[39m InventoryCollector[2m > [22mcollectInventory - local machine PowerShell fallback[2m > [22mshould handle PowerShell execution error gracefully[32m 1[2mms[22m[39m
   [32m✓[39m InventoryCollector[2m > [22mcollectInventory - local machine PowerShell fallback[2m > [22mshould strip BOM from readFileSync output[32m 2[2mms[22m[39m
   [32m✓[39m InventoryCollector[2m > [22mcollectInventory - cache update and save[2m > [22mshould update cache after loading from shared state[32m 2[2mms[22m[39m
   [32m✓[39m InventoryCollector[2m > [22mcollectInventory - cache update and save[2m > [22mshould expire cache entries after TTL[32m 2[2mms[22m[39m
   [32m✓[39m InventoryCollector[2m > [22mcollectInventory - raw format field mapping[2m > [22mshould map systemInfo fields correctly[32m 2[2mms[22m[39m
   [32m✓[39m InventoryCollector[2m > [22mcollectInventory - raw format field mapping[2m > [22mshould fallback to os values when systemInfo is missing[32m 1[2mms[22m[39m
   [32m✓[39m InventoryCollector[2m > [22mcollectInventory - raw format field mapping[2m > [22mshould map MCP servers and modes[32m 1[2mms[22m[39m
